{
  "type": "src-n-attribute",
  "media-query": null,
  "viewport-urls": {
    "size-viewport-list": [
      {
        "image-size": "100%",
        "viewport-size": "40em"
      },
      {
        "image-size": "50%",
      }
    ],
    "size-based-urls": [
      {
        "url": "pic.jpg",
        "size": "1200"
      }
    ]
  }
}
